******************************************************************************
                  TI ARM Linker PC v18.12.2                    
******************************************************************************
>> Linked Thu Nov 14 01:57:12 2019

OUTPUT FILE NAME:   <Tivac1231H6PM.out>
ENTRY POINT SYMBOL: "_c_int00_noargs"  address: 00000b1d


MEMORY CONFIGURATION

         name            origin    length      used     unused   attr    fill
----------------------  --------  ---------  --------  --------  ----  --------
  FLASH                 00000000   00040000  00000c48  0003f3b8  R  X
  SRAM                  20000000   00008000  0000033b  00007cc5  RW X


SEGMENT ALLOCATION MAP

run origin  load origin   length   init length attrs members
----------  ----------- ---------- ----------- ----- -------
00000000    00000000    00000c4c   00000c4c    r-x
  00000000    00000000    0000026c   0000026c    r-- .intvecs
  0000026c    0000026c    00000910   00000910    r-x .text
  00000b80    00000b80    000000cc   000000cc    r-- .cinit
20000000    20000000    0000033b   00000000    rw-
  20000000    20000000    00000200   00000000    rw- .stack
  20000200    20000200    0000013b   00000000    rw- .data


SECTION ALLOCATION MAP

 output                                  attributes/
section   page    origin      length       input sections
--------  ----  ----------  ----------   ----------------
.intvecs   0    00000000    0000026c     
                  00000000    0000026c     tm4c1231h6pm_startup_ccs.obj (.intvecs)

.text      0    0000026c    00000910     
                  0000026c    00000334     port.obj (.text)
                  000005a0    000002dc     dio.obj (.text)
                  0000087c    000000f0     SysCtr.obj (.text)
                  0000096c    0000009c     rtsv7M4_T_le_v4SPD16_eabi.lib : memcpy_t2.asm.obj (.text)
                  00000a08    00000068                                   : copy_decompress_lzss.c.obj (.text:decompress:lzss:__TI_decompress_lzss)
                  00000a70    00000066     lab_00_dio.obj (.text)
                  00000ad6    00000002     --HOLE-- [fill = 0]
                  00000ad8    00000044     rtsv7M4_T_le_v4SPD16_eabi.lib : autoinit.c.obj (.text:__TI_auto_init_nobinit_nopinit:__TI_auto_init_nobinit_nopinit)
                  00000b1c    00000034                                   : boot_cortex_m.c.obj (.text:_c_int00_noargs:_c_int00_noargs)
                  00000b50    0000000e                                   : copy_decompress_none.c.obj (.text:decompress:none:__TI_decompress_none)
                  00000b5e    0000000c     tm4c1231h6pm_startup_ccs.obj (.text)
                  00000b6a    0000000a     main.obj (.text)
                  00000b74    00000004     rtsv7M4_T_le_v4SPD16_eabi.lib : pre_init.c.obj (.text:_system_pre_init)
                  00000b78    00000004                                   : exit.c.obj (.text:abort:abort)

.cinit     0    00000b80    000000cc     
                  00000b80    000000b9     (.cinit..data.load) [load image, compression = lzss]
                  00000c39    00000003     --HOLE-- [fill = 0]
                  00000c3c    00000008     (__TI_handler_table)
                  00000c44    00000008     (__TI_cinit_table)

.init_array 
*          0    00000000    00000000     UNINITIALIZED

.data      0    20000200    0000013b     UNINITIALIZED
                  20000200    0000013b     port_lcfg.obj (.data:PortCfgArr)

.stack     0    20000000    00000200     UNINITIALIZED
                  20000000    00000004     rtsv7M4_T_le_v4SPD16_eabi.lib : boot_cortex_m.c.obj (.stack)
                  20000004    000001fc     --HOLE--

MODULE SUMMARY

       Module                         code   ro data   rw data
       ------                         ----   -------   -------
    .\
       tm4c1231h6pm_startup_ccs.obj   12     620       0      
    +--+------------------------------+------+---------+---------+
       Total:                         12     620       0      
                                                              
    .\tm4c123_firmware\
       main.obj                       10     0         0      
    +--+------------------------------+------+---------+---------+
       Total:                         10     0         0      
                                                              
    .\tm4c123_firmware\appl\
       lab_00_dio.obj                 102    0         0      
    +--+------------------------------+------+---------+---------+
       Total:                         102    0         0      
                                                              
    .\tm4c123_firmware\config\
       port_lcfg.obj                  0      0         315    
    +--+------------------------------+------+---------+---------+
       Total:                         0      0         315    
                                                              
    .\tm4c123_firmware\mcal\dio\
       dio.obj                        732    0         0      
    +--+------------------------------+------+---------+---------+
       Total:                         732    0         0      
                                                              
    .\tm4c123_firmware\mcal\port_driver\
       port.obj                       820    0         0      
    +--+------------------------------+------+---------+---------+
       Total:                         820    0         0      
                                                              
    .\tm4c123_firmware\mcal\sys_ctr\
       SysCtr.obj                     240    0         0      
    +--+------------------------------+------+---------+---------+
       Total:                         240    0         0      
                                                              
    C:\ti\ccs910\ccs\tools\compiler\ti-cgt-arm_18.12.2.LTS\lib\rtsv7M4_T_le_v4SPD16_eabi.lib
       memcpy_t2.asm.obj              156    0         0      
       copy_decompress_lzss.c.obj     104    0         0      
       autoinit.c.obj                 68     0         0      
       boot_cortex_m.c.obj            52     0         0      
       copy_decompress_none.c.obj     14     0         0      
       exit.c.obj                     4      0         0      
       pre_init.c.obj                 4      0         0      
    +--+------------------------------+------+---------+---------+
       Total:                         402    0         0      
                                                              
       Stack:                         0      0         512    
       Linker Generated:              0      201       0      
    +--+------------------------------+------+---------+---------+
       Grand Total:                   2318   821       827    


LINKER GENERATED COPY TABLES

__TI_cinit_table @ 00000c44 records: 1, size/record: 8, table size: 8
	.data: load addr=00000b80, load size=000000b9 bytes, run addr=20000200, run size=0000013b bytes, compression=lzss


LINKER GENERATED HANDLER TABLE

__TI_handler_table @ 00000c3c records: 2, size/record: 4, table size: 8
	index: 0, handler: __TI_decompress_lzss
	index: 1, handler: __TI_decompress_none


GLOBAL SYMBOLS: SORTED ALPHABETICALLY BY Name 

address   name                          
-------   ----                          
00000b79  C$$EXIT                       
00000781  Dio_FlipChannel               
00000809  Dio_FlipPort                  
000005a1  Dio_ReadChannel               
000006c5  Dio_ReadPort                  
00000639  Dio_WriteChannel              
00000723  Dio_WritePort                 
0000026d  PORT_init                     
20000200  PortCfgArr                    
00000b5f  ResetISR                      
0000087d  SysCtr_init                   
20000200  __STACK_END                   
00000200  __STACK_SIZE                  
20000200  __STACK_TOP                   
00000c44  __TI_CINIT_Base               
00000c4c  __TI_CINIT_Limit              
00000c3c  __TI_Handler_Table_Base       
00000c44  __TI_Handler_Table_Limit      
00000ad9  __TI_auto_init_nobinit_nopinit
00000a09  __TI_decompress_lzss          
00000b51  __TI_decompress_none          
ffffffff  __TI_pprof_out_hndl           
ffffffff  __TI_prof_data_size           
ffffffff  __TI_prof_data_start          
00000000  __TI_static_base__            
0000096d  __aeabi_memcpy                
0000096d  __aeabi_memcpy4               
0000096d  __aeabi_memcpy8               
ffffffff  __binit__                     
ffffffff  __c_args__                    
UNDEFED   __mpu_init                    
20000000  __stack                       
00000b1d  _c_int00_noargs               
UNDEFED   _system_post_cinit            
00000b75  _system_pre_init              
00000b79  abort                         
ffffffff  binit                         
00000000  g_pfnVectors                  
00000a71  lab_00_dio                    
00000b6b  main                          
0000096d  memcpy                        


GLOBAL SYMBOLS: SORTED BY Symbol Address 

address   name                          
-------   ----                          
00000000  __TI_static_base__            
00000000  g_pfnVectors                  
00000200  __STACK_SIZE                  
0000026d  PORT_init                     
000005a1  Dio_ReadChannel               
00000639  Dio_WriteChannel              
000006c5  Dio_ReadPort                  
00000723  Dio_WritePort                 
00000781  Dio_FlipChannel               
00000809  Dio_FlipPort                  
0000087d  SysCtr_init                   
0000096d  __aeabi_memcpy                
0000096d  __aeabi_memcpy4               
0000096d  __aeabi_memcpy8               
0000096d  memcpy                        
00000a09  __TI_decompress_lzss          
00000a71  lab_00_dio                    
00000ad9  __TI_auto_init_nobinit_nopinit
00000b1d  _c_int00_noargs               
00000b51  __TI_decompress_none          
00000b5f  ResetISR                      
00000b6b  main                          
00000b75  _system_pre_init              
00000b79  C$$EXIT                       
00000b79  abort                         
00000c3c  __TI_Handler_Table_Base       
00000c44  __TI_CINIT_Base               
00000c44  __TI_Handler_Table_Limit      
00000c4c  __TI_CINIT_Limit              
20000000  __stack                       
20000200  PortCfgArr                    
20000200  __STACK_END                   
20000200  __STACK_TOP                   
ffffffff  __TI_pprof_out_hndl           
ffffffff  __TI_prof_data_size           
ffffffff  __TI_prof_data_start          
ffffffff  __binit__                     
ffffffff  __c_args__                    
ffffffff  binit                         
UNDEFED   __mpu_init                    
UNDEFED   _system_post_cinit            

[41 symbols]
